
FireFly 2.0.3

Launching 12 thread(s) with maximum bunch size 1
Using seed 1778143757 for random numbers

Promote to new prime field: F(9223372036854775783)
Time for the first black-box probe: 0.054914 s
21218 function(s) will be interpolated
Probe: 211 | Done: 0 / 21218 | Requires new prime field: 18936 / 21218
Probe: 583 | Done: 0 / 21218 | Requires new prime field: 18946 / 21218
Probe: 583 | Done: 0 / 21218 | Requires new prime field: 18948 / 21218
Probe: 944 | Done: 0 / 21218 | Requires new prime field: 18954 / 21218
Probe: 1051 | Done: 0 / 21218 | Requires new prime field: 18961 / 21218
Probe: 1053 | Done: 0 / 21218 | Requires new prime field: 18970 / 21218
Probe: 1290 | Done: 0 / 21218 | Requires new prime field: 18971 / 21218
Probe: 1295 | Done: 0 / 21218 | Requires new prime field: 18982 / 21218
Probe: 1360 | Done: 0 / 21218 | Requires new prime field: 18984 / 21218
Probe: 1361 | Done: 0 / 21218 | Requires new prime field: 19024 / 21218
Probe: 1362 | Done: 0 / 21218 | Requires new prime field: 19060 / 21218
Probe: 1680 | Done: 0 / 21218 | Requires new prime field: 19064 / 21218
Probe: 1682 | Done: 0 / 21218 | Requires new prime field: 19097 / 21218
Probe: 1683 | Done: 0 / 21218 | Requires new prime field: 19109 / 21218
Probe: 1684 | Done: 0 / 21218 | Requires new prime field: 19120 / 21218
Probe: 1689 | Done: 0 / 21218 | Requires new prime field: 19226 / 21218
Probe: 2019 | Done: 0 / 21218 | Requires new prime field: 19227 / 21218
Probe: 2019 | Done: 0 / 21218 | Requires new prime field: 19228 / 21218
Probe: 2021 | Done: 0 / 21218 | Requires new prime field: 19240 / 21218
Probe: 2025 | Done: 0 / 21218 | Requires new prime field: 19241 / 21218
Probe: 2033 | Done: 0 / 21218 | Requires new prime field: 19326 / 21218
Probe: 2041 | Done: 0 / 21218 | Requires new prime field: 19339 / 21218
Probe: 2364 | Done: 0 / 21218 | Requires new prime field: 19341 / 21218
Probe: 2367 | Done: 0 / 21218 | Requires new prime field: 19362 / 21218
Probe: 2383 | Done: 0 / 21218 | Requires new prime field: 19432 / 21218
Probe: 2726 | Done: 0 / 21218 | Requires new prime field: 19630 / 21218
Probe: 3058 | Done: 0 / 21218 | Requires new prime field: 19712 / 21218
Probe: 3058 | Done: 0 / 21218 | Requires new prime field: 19723 / 21218
Probe: 3061 | Done: 0 / 21218 | Requires new prime field: 19726 / 21218
Probe: 3063 | Done: 0 / 21218 | Requires new prime field: 19729 / 21218
Probe: 3066 | Done: 0 / 21218 | Requires new prime field: 19732 / 21218
Probe: 3073 | Done: 0 / 21218 | Requires new prime field: 19750 / 21218
Probe: 3398 | Done: 0 / 21218 | Requires new prime field: 19794 / 21218
Probe: 3404 | Done: 0 / 21218 | Requires new prime field: 19796 / 21218
Probe: 3407 | Done: 0 / 21218 | Requires new prime field: 19797 / 21218
Probe: 3407 | Done: 0 / 21218 | Requires new prime field: 19802 / 21218
Probe: 3407 | Done: 0 / 21218 | Requires new prime field: 19813 / 21218
Probe: 3416 | Done: 0 / 21218 | Requires new prime field: 19925 / 21218
Probe: 3735 | Done: 0 / 21218 | Requires new prime field: 19926 / 21218
Probe: 3742 | Done: 0 / 21218 | Requires new prime field: 19948 / 21218
Probe: 3742 | Done: 0 / 21218 | Requires new prime field: 19949 / 21218
Probe: 3744 | Done: 0 / 21218 | Requires new prime field: 19982 / 21218
Probe: 3757 | Done: 0 / 21218 | Requires new prime field: 19986 / 21218
Probe: 4005 | Done: 0 / 21218 | Requires new prime field: 19990 / 21218
Probe: 4005 | Done: 0 / 21218 | Requires new prime field: 19993 / 21218
Probe: 4006 | Done: 0 / 21218 | Requires new prime field: 20014 / 21218
Probe: 4006 | Done: 0 / 21218 | Requires new prime field: 20053 / 21218
Probe: 4011 | Done: 0 / 21218 | Requires new prime field: 20056 / 21218
Probe: 4014 | Done: 0 / 21218 | Requires new prime field: 20058 / 21218
Probe: 4020 | Done: 0 / 21218 | Requires new prime field: 20060 / 21218
Probe: 4332 | Done: 0 / 21218 | Requires new prime field: 20181 / 21218
Probe: 4333 | Done: 0 / 21218 | Requires new prime field: 20182 / 21218
Probe: 4342 | Done: 0 / 21218 | Requires new prime field: 20183 / 21218
Probe: 4343 | Done: 0 / 21218 | Requires new prime field: 20188 / 21218
Probe: 4344 | Done: 0 / 21218 | Requires new prime field: 20197 / 21218
Probe: 4345 | Done: 0 / 21218 | Requires new prime field: 20202 / 21218
Probe: 4349 | Done: 0 / 21218 | Requires new prime field: 20242 / 21218
Probe: 4651 | Done: 0 / 21218 | Requires new prime field: 20244 / 21218
Probe: 4651 | Done: 0 / 21218 | Requires new prime field: 20253 / 21218
Probe: 4655 | Done: 0 / 21218 | Requires new prime field: 20256 / 21218
Probe: 4663 | Done: 0 / 21218 | Requires new prime field: 20261 / 21218
Probe: 4664 | Done: 0 / 21218 | Requires new prime field: 20282 / 21218
Probe: 4664 | Done: 0 / 21218 | Requires new prime field: 20310 / 21218
Probe: 4669 | Done: 0 / 21218 | Requires new prime field: 20312 / 21218
Probe: 4973 | Done: 0 / 21218 | Requires new prime field: 20316 / 21218
Probe: 4975 | Done: 0 / 21218 | Requires new prime field: 20317 / 21218
Probe: 4978 | Done: 0 / 21218 | Requires new prime field: 20396 / 21218
Probe: 4987 | Done: 0 / 21218 | Requires new prime field: 20398 / 21218
Probe: 4988 | Done: 0 / 21218 | Requires new prime field: 20399 / 21218
Probe: 4989 | Done: 0 / 21218 | Requires new prime field: 20404 / 21218
Probe: 5294 | Done: 0 / 21218 | Requires new prime field: 20410 / 21218
Probe: 5297 | Done: 0 / 21218 | Requires new prime field: 20436 / 21218
Probe: 5307 | Done: 0 / 21218 | Requires new prime field: 20441 / 21218
Probe: 5307 | Done: 0 / 21218 | Requires new prime field: 20444 / 21218
Probe: 5602 | Done: 0 / 21218 | Requires new prime field: 20448 / 21218
Probe: 5609 | Done: 0 / 21218 | Requires new prime field: 20480 / 21218
Probe: 5622 | Done: 0 / 21218 | Requires new prime field: 20504 / 21218
Probe: 5629 | Done: 0 / 21218 | Requires new prime field: 20512 / 21218
Probe: 5634 | Done: 0 / 21218 | Requires new prime field: 20516 / 21218
Probe: 5635 | Done: 0 / 21218 | Requires new prime field: 20518 / 21218
Probe: 5635 | Done: 0 / 21218 | Requires new prime field: 20526 / 21218
Probe: 5926 | Done: 0 / 21218 | Requires new prime field: 20527 / 21218
Probe: 5926 | Done: 0 / 21218 | Requires new prime field: 20540 / 21218
Probe: 5935 | Done: 0 / 21218 | Requires new prime field: 20548 / 21218
Probe: 5939 | Done: 0 / 21218 | Requires new prime field: 20558 / 21218
Probe: 5939 | Done: 0 / 21218 | Requires new prime field: 20576 / 21218
Probe: 5942 | Done: 0 / 21218 | Requires new prime field: 20594 / 21218
Probe: 6239 | Done: 0 / 21218 | Requires new prime field: 20596 / 21218
Probe: 6239 | Done: 0 / 21218 | Requires new prime field: 20597 / 21218
Probe: 6240 | Done: 0 / 21218 | Requires new prime field: 20602 / 21218
Probe: 6240 | Done: 0 / 21218 | Requires new prime field: 20607 / 21218
Probe: 6252 | Done: 0 / 21218 | Requires new prime field: 20609 / 21218
Probe: 6253 | Done: 0 / 21218 | Requires new prime field: 20612 / 21218
Probe: 6253 | Done: 0 / 21218 | Requires new prime field: 20637 / 21218
Probe: 6256 | Done: 0 / 21218 | Requires new prime field: 20644 / 21218
Probe: 6552 | Done: 0 / 21218 | Requires new prime field: 20654 / 21218
Probe: 6562 | Done: 0 / 21218 | Requires new prime field: 20656 / 21218
Probe: 6848 | Done: 0 / 21218 | Requires new prime field: 20662 / 21218
Probe: 6873 | Done: 0 / 21218 | Requires new prime field: 20697 / 21218
Probe: 6874 | Done: 0 / 21218 | Requires new prime field: 20734 / 21218
Probe: 7167 | Done: 0 / 21218 | Requires new prime field: 20776 / 21218
Probe: 7456 | Done: 0 / 21218 | Requires new prime field: 20792 / 21218
Probe: 7469 | Done: 0 / 21218 | Requires new prime field: 20796 / 21218
Probe: 8092 | Done: 0 / 21218 | Requires new prime field: 20802 / 21218
Probe: 8093 | Done: 0 / 21218 | Requires new prime field: 20804 / 21218
Probe: 8096 | Done: 0 / 21218 | Requires new prime field: 20812 / 21218
Probe: 8376 | Done: 0 / 21218 | Requires new prime field: 20816 / 21218
Probe: 8384 | Done: 0 / 21218 | Requires new prime field: 20842 / 21218
Probe: 8388 | Done: 0 / 21218 | Requires new prime field: 20852 / 21218
Probe: 8669 | Done: 0 / 21218 | Requires new prime field: 20865 / 21218
Probe: 8673 | Done: 0 / 21218 | Requires new prime field: 20866 / 21218
Probe: 8676 | Done: 0 / 21218 | Requires new prime field: 20868 / 21218
Probe: 8682 | Done: 0 / 21218 | Requires new prime field: 20869 / 21218
Probe: 8689 | Done: 0 / 21218 | Requires new prime field: 20870 / 21218
Probe: 8876 | Done: 0 / 21218 | Requires new prime field: 20872 / 21218
Probe: 8877 | Done: 0 / 21218 | Requires new prime field: 20874 / 21218
Probe: 8878 | Done: 0 / 21218 | Requires new prime field: 20876 / 21218
Probe: 8884 | Done: 0 / 21218 | Requires new prime field: 20878 / 21218
Probe: 9160 | Done: 0 / 21218 | Requires new prime field: 20894 / 21218
Probe: 9174 | Done: 0 / 21218 | Requires new prime field: 20902 / 21218
Probe: 9176 | Done: 0 / 21218 | Requires new prime field: 20912 / 21218
Probe: 9177 | Done: 0 / 21218 | Requires new prime field: 20916 / 21218
Probe: 9179 | Done: 0 / 21218 | Requires new prime field: 20917 / 21218
Probe: 9179 | Done: 0 / 21218 | Requires new prime field: 20919 / 21218
Probe: 9181 | Done: 0 / 21218 | Requires new prime field: 20920 / 21218
Probe: 9186 | Done: 0 / 21218 | Requires new prime field: 20924 / 21218
Probe: 9188 | Done: 0 / 21218 | Requires new prime field: 20927 / 21218
Probe: 9194 | Done: 0 / 21218 | Requires new prime field: 20930 / 21218
Probe: 9197 | Done: 0 / 21218 | Requires new prime field: 20931 / 21218
Probe: 9197 | Done: 0 / 21218 | Requires new prime field: 20932 / 21218
Probe: 9452 | Done: 0 / 21218 | Requires new prime field: 20947 / 21218
Probe: 9453 | Done: 0 / 21218 | Requires new prime field: 20949 / 21218
Probe: 9455 | Done: 0 / 21218 | Requires new prime field: 20957 / 21218
Probe: 9461 | Done: 0 / 21218 | Requires new prime field: 20959 / 21218
Probe: 9463 | Done: 0 / 21218 | Requires new prime field: 20962 / 21218
Probe: 9473 | Done: 0 / 21218 | Requires new prime field: 20966 / 21218
Probe: 9721 | Done: 0 / 21218 | Requires new prime field: 20976 / 21218
Probe: 9736 | Done: 0 / 21218 | Requires new prime field: 20978 / 21218
Probe: 9737 | Done: 0 / 21218 | Requires new prime field: 20980 / 21218
Probe: 9738 | Done: 0 / 21218 | Requires new prime field: 20981 / 21218
Probe: 9739 | Done: 0 / 21218 | Requires new prime field: 20982 / 21218
Probe: 10016 | Done: 0 / 21218 | Requires new prime field: 20984 / 21218
Probe: 10020 | Done: 0 / 21218 | Requires new prime field: 20986 / 21218
Probe: 10275 | Done: 0 / 21218 | Requires new prime field: 20987 / 21218
Probe: 10278 | Done: 0 / 21218 | Requires new prime field: 20990 / 21218
Probe: 10550 | Done: 0 / 21218 | Requires new prime field: 21014 / 21218
Probe: 10557 | Done: 0 / 21218 | Requires new prime field: 21020 / 21218
Probe: 10806 | Done: 0 / 21218 | Requires new prime field: 21024 / 21218
Probe: 10817 | Done: 0 / 21218 | Requires new prime field: 21032 / 21218
Probe: 10823 | Done: 0 / 21218 | Requires new prime field: 21033 / 21218
Probe: 10824 | Done: 0 / 21218 | Requires new prime field: 21040 / 21218
Probe: 11071 | Done: 0 / 21218 | Requires new prime field: 21043 / 21218
Probe: 11076 | Done: 0 / 21218 | Requires new prime field: 21045 / 21218
Probe: 11078 | Done: 0 / 21218 | Requires new prime field: 21046 / 21218
Probe: 11328 | Done: 0 / 21218 | Requires new prime field: 21051 / 21218
Probe: 11329 | Done: 0 / 21218 | Requires new prime field: 21055 / 21218
Probe: 11330 | Done: 0 / 21218 | Requires new prime field: 21056 / 21218
Probe: 11332 | Done: 0 / 21218 | Requires new prime field: 21058 / 21218
Probe: 11336 | Done: 0 / 21218 | Requires new prime field: 21063 / 21218
Probe: 11337 | Done: 0 / 21218 | Requires new prime field: 21064 / 21218
Probe: 11339 | Done: 0 / 21218 | Requires new prime field: 21065 / 21218
Probe: 11340 | Done: 0 / 21218 | Requires new prime field: 21067 / 21218
Probe: 11342 | Done: 0 / 21218 | Requires new prime field: 21068 / 21218
Probe: 11342 | Done: 0 / 21218 | Requires new prime field: 21069 / 21218
Probe: 11345 | Done: 0 / 21218 | Requires new prime field: 21070 / 21218
Probe: 11591 | Done: 0 / 21218 | Requires new prime field: 21074 / 21218
Probe: 11603 | Done: 0 / 21218 | Requires new prime field: 21077 / 21218
Probe: 11610 | Done: 0 / 21218 | Requires new prime field: 21078 / 21218
Probe: 11631 | Done: 0 / 21218 | Requires new prime field: 21082 / 21218
Probe: 11633 | Done: 0 / 21218 | Requires new prime field: 21084 / 21218
Probe: 11638 | Done: 0 / 21218 | Requires new prime field: 21086 / 21218
Probe: 12129 | Done: 0 / 21218 | Requires new prime field: 21092 / 21218
Probe: 12136 | Done: 0 / 21218 | Requires new prime field: 21093 / 21218
Probe: 12137 | Done: 0 / 21218 | Requires new prime field: 21094 / 21218
Probe: 12894 | Done: 0 / 21218 | Requires new prime field: 21096 / 21218
Probe: 12896 | Done: 0 / 21218 | Requires new prime field: 21101 / 21218
Probe: 12902 | Done: 0 / 21218 | Requires new prime field: 21102 / 21218
Probe: 13331 | Done: 0 / 21218 | Requires new prime field: 21110 / 21218
Probe: 13335 | Done: 0 / 21218 | Requires new prime field: 21114 / 21218
Probe: 13362 | Done: 0 / 21218 | Requires new prime field: 21115 / 21218
Probe: 13365 | Done: 0 / 21218 | Requires new prime field: 21116 / 21218
Probe: 13369 | Done: 0 / 21218 | Requires new prime field: 21117 / 21218
Probe: 13372 | Done: 0 / 21218 | Requires new prime field: 21119 / 21218
Probe: 13396 | Done: 0 / 21218 | Requires new prime field: 21120 / 21218
Probe: 13607 | Done: 0 / 21218 | Requires new prime field: 21121 / 21218
Probe: 13608 | Done: 0 / 21218 | Requires new prime field: 21122 / 21218
Probe: 13611 | Done: 0 / 21218 | Requires new prime field: 21123 / 21218
Probe: 13612 | Done: 0 / 21218 | Requires new prime field: 21124 / 21218
Probe: 13617 | Done: 0 / 21218 | Requires new prime field: 21125 / 21218
Probe: 13618 | Done: 0 / 21218 | Requires new prime field: 21126 / 21218
Probe: 13620 | Done: 0 / 21218 | Requires new prime field: 21127 / 21218
Probe: 13632 | Done: 0 / 21218 | Requires new prime field: 21128 / 21218
Probe: 14030 | Done: 0 / 21218 | Requires new prime field: 21130 / 21218
Probe: 14037 | Done: 0 / 21218 | Requires new prime field: 21131 / 21218
Probe: 14064 | Done: 0 / 21218 | Requires new prime field: 21133 / 21218
Probe: 14079 | Done: 0 / 21218 | Requires new prime field: 21134 / 21218
Probe: 14088 | Done: 0 / 21218 | Requires new prime field: 21135 / 21218
Probe: 14094 | Done: 0 / 21218 | Requires new prime field: 21136 / 21218
Probe: 14465 | Done: 0 / 21218 | Requires new prime field: 21137 / 21218
Probe: 14467 | Done: 0 / 21218 | Requires new prime field: 21139 / 21218
Probe: 14474 | Done: 0 / 21218 | Requires new prime field: 21140 / 21218
Probe: 14484 | Done: 0 / 21218 | Requires new prime field: 21141 / 21218
Probe: 14516 | Done: 0 / 21218 | Requires new prime field: 21142 / 21218
Probe: 14517 | Done: 0 / 21218 | Requires new prime field: 21143 / 21218
Probe: 14570 | Done: 0 / 21218 | Requires new prime field: 21144 / 21218
Probe: 14582 | Done: 0 / 21218 | Requires new prime field: 21145 / 21218
Probe: 14599 | Done: 0 / 21218 | Requires new prime field: 21146 / 21218
Probe: 14950 | Done: 0 / 21218 | Requires new prime field: 21147 / 21218
Probe: 14956 | Done: 0 / 21218 | Requires new prime field: 21148 / 21218
Probe: 15220 | Done: 0 / 21218 | Requires new prime field: 21149 / 21218
Probe: 15222 | Done: 0 / 21218 | Requires new prime field: 21151 / 21218
Probe: 15224 | Done: 0 / 21218 | Requires new prime field: 21154 / 21218
Probe: 15235 | Done: 0 / 21218 | Requires new prime field: 21155 / 21218
Probe: 15238 | Done: 0 / 21218 | Requires new prime field: 21156 / 21218
Probe: 15248 | Done: 0 / 21218 | Requires new prime field: 21157 / 21218
Probe: 15263 | Done: 0 / 21218 | Requires new prime field: 21158 / 21218
Probe: 15285 | Done: 0 / 21218 | Requires new prime field: 21159 / 21218
Probe: 15352 | Done: 0 / 21218 | Requires new prime field: 21160 / 21218
Probe: 16199 | Done: 0 / 21218 | Requires new prime field: 21161 / 21218
Probe: 16229 | Done: 0 / 21218 | Requires new prime field: 21163 / 21218
Probe: 16235 | Done: 0 / 21218 | Requires new prime field: 21164 / 21218
Probe: 16238 | Done: 0 / 21218 | Requires new prime field: 21165 / 21218
Probe: 16243 | Done: 0 / 21218 | Requires new prime field: 21166 / 21218
Probe: 16250 | Done: 0 / 21218 | Requires new prime field: 21167 / 21218
Probe: 16301 | Done: 0 / 21218 | Requires new prime field: 21168 / 21218
Probe: 16550 | Done: 0 / 21218 | Requires new prime field: 21169 / 21218
Probe: 16554 | Done: 0 / 21218 | Requires new prime field: 21172 / 21218
Probe: 16554 | Done: 0 / 21218 | Requires new prime field: 21173 / 21218
Probe: 16600 | Done: 0 / 21218 | Requires new prime field: 21174 / 21218
Probe: 16812 | Done: 0 / 21218 | Requires new prime field: 21175 / 21218
Probe: 16849 | Done: 0 / 21218 | Requires new prime field: 21177 / 21218
Probe: 16853 | Done: 0 / 21218 | Requires new prime field: 21179 / 21218
Probe: 16859 | Done: 0 / 21218 | Requires new prime field: 21180 / 21218
Probe: 16987 | Done: 0 / 21218 | Requires new prime field: 21181 / 21218
Probe: 16989 | Done: 0 / 21218 | Requires new prime field: 21182 / 21218
Probe: 17017 | Done: 0 / 21218 | Requires new prime field: 21183 / 21218
Probe: 17017 | Done: 0 / 21218 | Requires new prime field: 21184 / 21218
Probe: 17018 | Done: 0 / 21218 | Requires new prime field: 21185 / 21218
Probe: 17020 | Done: 0 / 21218 | Requires new prime field: 21186 / 21218
Probe: 17022 | Done: 0 / 21218 | Requires new prime field: 21187 / 21218
