
FireFly 2.0.3

Launching 12 thread(s) with maximum bunch size 1
Using seed 1778141284 for random numbers

Promote to new prime field: F(9223372036854775783)
Time for the first black-box probe: 0.043354 s
21218 function(s) will be interpolated
Probe: 394 | Done: 0 / 21218 | Requires new prime field: 18936 / 21218
Probe: 682 | Done: 0 / 21218 | Requires new prime field: 18940 / 21218
Probe: 754 | Done: 0 / 21218 | Requires new prime field: 18946 / 21218
Probe: 769 | Done: 0 / 21218 | Requires new prime field: 18948 / 21218
Probe: 1049 | Done: 0 / 21218 | Requires new prime field: 18970 / 21218
Probe: 1355 | Done: 0 / 21218 | Requires new prime field: 19013 / 21218
Probe: 1358 | Done: 0 / 21218 | Requires new prime field: 19016 / 21218
Probe: 1361 | Done: 0 / 21218 | Requires new prime field: 19017 / 21218
Probe: 1362 | Done: 0 / 21218 | Requires new prime field: 19060 / 21218
Probe: 1675 | Done: 0 / 21218 | Requires new prime field: 19062 / 21218
Probe: 1676 | Done: 0 / 21218 | Requires new prime field: 19064 / 21218
Probe: 1679 | Done: 0 / 21218 | Requires new prime field: 19072 / 21218
Probe: 1681 | Done: 0 / 21218 | Requires new prime field: 19076 / 21218
Probe: 1681 | Done: 0 / 21218 | Requires new prime field: 19078 / 21218
Probe: 1683 | Done: 0 / 21218 | Requires new prime field: 19128 / 21218
Probe: 1687 | Done: 0 / 21218 | Requires new prime field: 19226 / 21218
Probe: 2016 | Done: 0 / 21218 | Requires new prime field: 19230 / 21218
Probe: 2016 | Done: 0 / 21218 | Requires new prime field: 19278 / 21218
Probe: 2018 | Done: 0 / 21218 | Requires new prime field: 19314 / 21218
Probe: 2025 | Done: 0 / 21218 | Requires new prime field: 19325 / 21218
Probe: 2027 | Done: 0 / 21218 | Requires new prime field: 19326 / 21218
Probe: 2051 | Done: 0 / 21218 | Requires new prime field: 19339 / 21218
Probe: 2357 | Done: 0 / 21218 | Requires new prime field: 19340 / 21218
Probe: 2365 | Done: 0 / 21218 | Requires new prime field: 19362 / 21218
Probe: 2380 | Done: 0 / 21218 | Requires new prime field: 19432 / 21218
Probe: 2706 | Done: 0 / 21218 | Requires new prime field: 19437 / 21218
Probe: 2706 | Done: 0 / 21218 | Requires new prime field: 19452 / 21218
Probe: 2706 | Done: 0 / 21218 | Requires new prime field: 19537 / 21218
Probe: 2707 | Done: 0 / 21218 | Requires new prime field: 19559 / 21218
Probe: 2710 | Done: 0 / 21218 | Requires new prime field: 19614 / 21218
Probe: 2720 | Done: 0 / 21218 | Requires new prime field: 19615 / 21218
Probe: 2720 | Done: 0 / 21218 | Requires new prime field: 19630 / 21218
Probe: 3041 | Done: 0 / 21218 | Requires new prime field: 19644 / 21218
Probe: 3044 | Done: 0 / 21218 | Requires new prime field: 19647 / 21218
Probe: 3046 | Done: 0 / 21218 | Requires new prime field: 19724 / 21218
Probe: 3052 | Done: 0 / 21218 | Requires new prime field: 19725 / 21218
Probe: 3053 | Done: 0 / 21218 | Requires new prime field: 19735 / 21218
Probe: 3060 | Done: 0 / 21218 | Requires new prime field: 19750 / 21218
Probe: 3380 | Done: 0 / 21218 | Requires new prime field: 19751 / 21218
Probe: 3381 | Done: 0 / 21218 | Requires new prime field: 19752 / 21218
Probe: 3382 | Done: 0 / 21218 | Requires new prime field: 19763 / 21218
Probe: 3382 | Done: 0 / 21218 | Requires new prime field: 19764 / 21218
Probe: 3389 | Done: 0 / 21218 | Requires new prime field: 19865 / 21218
Probe: 3390 | Done: 0 / 21218 | Requires new prime field: 19877 / 21218
Probe: 3390 | Done: 0 / 21218 | Requires new prime field: 19914 / 21218
Probe: 3393 | Done: 0 / 21218 | Requires new prime field: 19924 / 21218
Probe: 3407 | Done: 0 / 21218 | Requires new prime field: 19925 / 21218
Probe: 3647 | Done: 0 / 21218 | Requires new prime field: 19926 / 21218
Probe: 3657 | Done: 0 / 21218 | Requires new prime field: 19971 / 21218
Probe: 3662 | Done: 0 / 21218 | Requires new prime field: 19984 / 21218
Probe: 3663 | Done: 0 / 21218 | Requires new prime field: 19985 / 21218
Probe: 3664 | Done: 0 / 21218 | Requires new prime field: 19986 / 21218
Probe: 3967 | Done: 0 / 21218 | Requires new prime field: 19987 / 21218
Probe: 3974 | Done: 0 / 21218 | Requires new prime field: 19993 / 21218
Probe: 3975 | Done: 0 / 21218 | Requires new prime field: 19995 / 21218
Probe: 3976 | Done: 0 / 21218 | Requires new prime field: 19997 / 21218
Probe: 3976 | Done: 0 / 21218 | Requires new prime field: 20002 / 21218
Probe: 3983 | Done: 0 / 21218 | Requires new prime field: 20026 / 21218
Probe: 3987 | Done: 0 / 21218 | Requires new prime field: 20028 / 21218
Probe: 3988 | Done: 0 / 21218 | Requires new prime field: 20030 / 21218
Probe: 3988 | Done: 0 / 21218 | Requires new prime field: 20036 / 21218
Probe: 3992 | Done: 0 / 21218 | Requires new prime field: 20058 / 21218
Probe: 4020 | Done: 0 / 21218 | Requires new prime field: 20060 / 21218
Probe: 4303 | Done: 0 / 21218 | Requires new prime field: 20064 / 21218
Probe: 4305 | Done: 0 / 21218 | Requires new prime field: 20078 / 21218
Probe: 4306 | Done: 0 / 21218 | Requires new prime field: 20092 / 21218
Probe: 4306 | Done: 0 / 21218 | Requires new prime field: 20106 / 21218
Probe: 4314 | Done: 0 / 21218 | Requires new prime field: 20182 / 21218
Probe: 4318 | Done: 0 / 21218 | Requires new prime field: 20183 / 21218
Probe: 4320 | Done: 0 / 21218 | Requires new prime field: 20192 / 21218
Probe: 4321 | Done: 0 / 21218 | Requires new prime field: 20202 / 21218
Probe: 4321 | Done: 0 / 21218 | Requires new prime field: 20204 / 21218
Probe: 4322 | Done: 0 / 21218 | Requires new prime field: 20206 / 21218
Probe: 4328 | Done: 0 / 21218 | Requires new prime field: 20207 / 21218
Probe: 4330 | Done: 0 / 21218 | Requires new prime field: 20208 / 21218
Probe: 4333 | Done: 0 / 21218 | Requires new prime field: 20211 / 21218
Probe: 4333 | Done: 0 / 21218 | Requires new prime field: 20215 / 21218
Probe: 4333 | Done: 0 / 21218 | Requires new prime field: 20230 / 21218
Probe: 4342 | Done: 0 / 21218 | Requires new prime field: 20242 / 21218
Probe: 4632 | Done: 0 / 21218 | Requires new prime field: 20243 / 21218
Probe: 4633 | Done: 0 / 21218 | Requires new prime field: 20244 / 21218
Probe: 4641 | Done: 0 / 21218 | Requires new prime field: 20278 / 21218
Probe: 4650 | Done: 0 / 21218 | Requires new prime field: 20287 / 21218
Probe: 4651 | Done: 0 / 21218 | Requires new prime field: 20289 / 21218
Probe: 4652 | Done: 0 / 21218 | Requires new prime field: 20292 / 21218
Probe: 4658 | Done: 0 / 21218 | Requires new prime field: 20312 / 21218
Probe: 4951 | Done: 0 / 21218 | Requires new prime field: 20317 / 21218
Probe: 4957 | Done: 0 / 21218 | Requires new prime field: 20341 / 21218
Probe: 4979 | Done: 0 / 21218 | Requires new prime field: 20404 / 21218
Probe: 5296 | Done: 0 / 21218 | Requires new prime field: 20405 / 21218
Probe: 5296 | Done: 0 / 21218 | Requires new prime field: 20431 / 21218
Probe: 5299 | Done: 0 / 21218 | Requires new prime field: 20440 / 21218
Probe: 5311 | Done: 0 / 21218 | Requires new prime field: 20444 / 21218
Probe: 5602 | Done: 0 / 21218 | Requires new prime field: 20445 / 21218
Probe: 5603 | Done: 0 / 21218 | Requires new prime field: 20446 / 21218
Probe: 5604 | Done: 0 / 21218 | Requires new prime field: 20448 / 21218
Probe: 5604 | Done: 0 / 21218 | Requires new prime field: 20480 / 21218
Probe: 5608 | Done: 0 / 21218 | Requires new prime field: 20484 / 21218
Probe: 5615 | Done: 0 / 21218 | Requires new prime field: 20486 / 21218
Probe: 5616 | Done: 0 / 21218 | Requires new prime field: 20487 / 21218
Probe: 5617 | Done: 0 / 21218 | Requires new prime field: 20491 / 21218
Probe: 5617 | Done: 0 / 21218 | Requires new prime field: 20506 / 21218
Probe: 5624 | Done: 0 / 21218 | Requires new prime field: 20514 / 21218
Probe: 5630 | Done: 0 / 21218 | Requires new prime field: 20519 / 21218
Probe: 5634 | Done: 0 / 21218 | Requires new prime field: 20520 / 21218
Probe: 5637 | Done: 0 / 21218 | Requires new prime field: 20526 / 21218
Probe: 5912 | Done: 0 / 21218 | Requires new prime field: 20534 / 21218
Probe: 5912 | Done: 0 / 21218 | Requires new prime field: 20546 / 21218
Probe: 5916 | Done: 0 / 21218 | Requires new prime field: 20548 / 21218
Probe: 5924 | Done: 0 / 21218 | Requires new prime field: 20549 / 21218
Probe: 5924 | Done: 0 / 21218 | Requires new prime field: 20556 / 21218
Probe: 5925 | Done: 0 / 21218 | Requires new prime field: 20561 / 21218
Probe: 5927 | Done: 0 / 21218 | Requires new prime field: 20574 / 21218
Probe: 5939 | Done: 0 / 21218 | Requires new prime field: 20577 / 21218
Probe: 5941 | Done: 0 / 21218 | Requires new prime field: 20594 / 21218
Probe: 6227 | Done: 0 / 21218 | Requires new prime field: 20607 / 21218
Probe: 6233 | Done: 0 / 21218 | Requires new prime field: 20608 / 21218
Probe: 6236 | Done: 0 / 21218 | Requires new prime field: 20609 / 21218
Probe: 6238 | Done: 0 / 21218 | Requires new prime field: 20611 / 21218
Probe: 6238 | Done: 0 / 21218 | Requires new prime field: 20612 / 21218
Probe: 6240 | Done: 0 / 21218 | Requires new prime field: 20613 / 21218
Probe: 6242 | Done: 0 / 21218 | Requires new prime field: 20614 / 21218
Probe: 6255 | Done: 0 / 21218 | Requires new prime field: 20620 / 21218
Probe: 6266 | Done: 0 / 21218 | Requires new prime field: 20644 / 21218
Probe: 6549 | Done: 0 / 21218 | Requires new prime field: 20647 / 21218
Probe: 6549 | Done: 0 / 21218 | Requires new prime field: 20654 / 21218
Probe: 6551 | Done: 0 / 21218 | Requires new prime field: 20656 / 21218
Probe: 6857 | Done: 0 / 21218 | Requires new prime field: 20662 / 21218
Probe: 6872 | Done: 0 / 21218 | Requires new prime field: 20725 / 21218
Probe: 6875 | Done: 0 / 21218 | Requires new prime field: 20734 / 21218
Probe: 7164 | Done: 0 / 21218 | Requires new prime field: 20736 / 21218
Probe: 7166 | Done: 0 / 21218 | Requires new prime field: 20737 / 21218
Probe: 7169 | Done: 0 / 21218 | Requires new prime field: 20742 / 21218
Probe: 7183 | Done: 0 / 21218 | Requires new prime field: 20765 / 21218
Probe: 7191 | Done: 0 / 21218 | Requires new prime field: 20773 / 21218
Probe: 7193 | Done: 0 / 21218 | Requires new prime field: 20776 / 21218
Probe: 7395 | Done: 0 / 21218 | Requires new prime field: 20778 / 21218
Probe: 7396 | Done: 0 / 21218 | Requires new prime field: 20781 / 21218
Probe: 7398 | Done: 0 / 21218 | Requires new prime field: 20784 / 21218
Probe: 7478 | Done: 0 / 21218 | Requires new prime field: 20792 / 21218
Probe: 7485 | Done: 0 / 21218 | Requires new prime field: 20793 / 21218
Probe: 7485 | Done: 0 / 21218 | Requires new prime field: 20794 / 21218
Probe: 7487 | Done: 0 / 21218 | Requires new prime field: 20796 / 21218
Probe: 8014 | Done: 0 / 21218 | Requires new prime field: 20804 / 21218
Probe: 8025 | Done: 0 / 21218 | Requires new prime field: 20808 / 21218
Probe: 8031 | Done: 0 / 21218 | Requires new prime field: 20812 / 21218
Probe: 8306 | Done: 0 / 21218 | Requires new prime field: 20851 / 21218
Probe: 8310 | Done: 0 / 21218 | Requires new prime field: 20852 / 21218
Probe: 8605 | Done: 0 / 21218 | Requires new prime field: 20866 / 21218
Probe: 8606 | Done: 0 / 21218 | Requires new prime field: 20867 / 21218
Probe: 8608 | Done: 0 / 21218 | Requires new prime field: 20869 / 21218
Probe: 8609 | Done: 0 / 21218 | Requires new prime field: 20870 / 21218
Probe: 8875 | Done: 0 / 21218 | Requires new prime field: 20877 / 21218
Probe: 8880 | Done: 0 / 21218 | Requires new prime field: 20878 / 21218
Probe: 9161 | Done: 0 / 21218 | Requires new prime field: 20894 / 21218
Probe: 9170 | Done: 0 / 21218 | Requires new prime field: 20906 / 21218
Probe: 9173 | Done: 0 / 21218 | Requires new prime field: 20916 / 21218
Probe: 9178 | Done: 0 / 21218 | Requires new prime field: 20917 / 21218
Probe: 9179 | Done: 0 / 21218 | Requires new prime field: 20924 / 21218
Probe: 9180 | Done: 0 / 21218 | Requires new prime field: 20926 / 21218
Probe: 9185 | Done: 0 / 21218 | Requires new prime field: 20927 / 21218
Probe: 9186 | Done: 0 / 21218 | Requires new prime field: 20928 / 21218
Probe: 9188 | Done: 0 / 21218 | Requires new prime field: 20929 / 21218
Probe: 9190 | Done: 0 / 21218 | Requires new prime field: 20932 / 21218
Probe: 9427 | Done: 0 / 21218 | Requires new prime field: 20942 / 21218
Probe: 9445 | Done: 0 / 21218 | Requires new prime field: 20953 / 21218
Probe: 9451 | Done: 0 / 21218 | Requires new prime field: 20956 / 21218
Probe: 9454 | Done: 0 / 21218 | Requires new prime field: 20957 / 21218
Probe: 9461 | Done: 0 / 21218 | Requires new prime field: 20962 / 21218
Probe: 9469 | Done: 0 / 21218 | Requires new prime field: 20966 / 21218
Probe: 9701 | Done: 0 / 21218 | Requires new prime field: 20968 / 21218
Probe: 9721 | Done: 0 / 21218 | Requires new prime field: 20969 / 21218
Probe: 9722 | Done: 0 / 21218 | Requires new prime field: 20970 / 21218
Probe: 9727 | Done: 0 / 21218 | Requires new prime field: 20971 / 21218
Probe: 9727 | Done: 0 / 21218 | Requires new prime field: 20972 / 21218
Probe: 9728 | Done: 0 / 21218 | Requires new prime field: 20973 / 21218
Probe: 9730 | Done: 0 / 21218 | Requires new prime field: 20974 / 21218
Probe: 9730 | Done: 0 / 21218 | Requires new prime field: 20976 / 21218
Probe: 9731 | Done: 0 / 21218 | Requires new prime field: 20977 / 21218
Probe: 9732 | Done: 0 / 21218 | Requires new prime field: 20979 / 21218
Probe: 9736 | Done: 0 / 21218 | Requires new prime field: 20981 / 21218
Probe: 9741 | Done: 0 / 21218 | Requires new prime field: 20982 / 21218
Probe: 10018 | Done: 0 / 21218 | Requires new prime field: 20984 / 21218
Probe: 10021 | Done: 0 / 21218 | Requires new prime field: 20985 / 21218
Probe: 10023 | Done: 0 / 21218 | Requires new prime field: 20986 / 21218
Probe: 10280 | Done: 0 / 21218 | Requires new prime field: 20990 / 21218
Probe: 10540 | Done: 0 / 21218 | Requires new prime field: 21002 / 21218
Probe: 10547 | Done: 0 / 21218 | Requires new prime field: 21008 / 21218
Probe: 10548 | Done: 0 / 21218 | Requires new prime field: 21010 / 21218
Probe: 10559 | Done: 0 / 21218 | Requires new prime field: 21016 / 21218
Probe: 10574 | Done: 0 / 21218 | Requires new prime field: 21017 / 21218
Probe: 10575 | Done: 0 / 21218 | Requires new prime field: 21019 / 21218
Probe: 10577 | Done: 0 / 21218 | Requires new prime field: 21020 / 21218
Probe: 10806 | Done: 0 / 21218 | Requires new prime field: 21024 / 21218
Probe: 10817 | Done: 0 / 21218 | Requires new prime field: 21034 / 21218
Probe: 10820 | Done: 0 / 21218 | Requires new prime field: 21035 / 21218
Probe: 10824 | Done: 0 / 21218 | Requires new prime field: 21036 / 21218
Probe: 10831 | Done: 0 / 21218 | Requires new prime field: 21037 / 21218
Probe: 10832 | Done: 0 / 21218 | Requires new prime field: 21040 / 21218
Probe: 11074 | Done: 0 / 21218 | Requires new prime field: 21046 / 21218
Probe: 11329 | Done: 0 / 21218 | Requires new prime field: 21058 / 21218
Probe: 11339 | Done: 0 / 21218 | Requires new prime field: 21066 / 21218
Probe: 11352 | Done: 0 / 21218 | Requires new prime field: 21070 / 21218
Probe: 11565 | Done: 0 / 21218 | Requires new prime field: 21072 / 21218
Probe: 11567 | Done: 0 / 21218 | Requires new prime field: 21074 / 21218
Probe: 11609 | Done: 0 / 21218 | Requires new prime field: 21075 / 21218
Probe: 11610 | Done: 0 / 21218 | Requires new prime field: 21076 / 21218
Probe: 11612 | Done: 0 / 21218 | Requires new prime field: 21077 / 21218
Probe: 11612 | Done: 0 / 21218 | Requires new prime field: 21078 / 21218
Probe: 11630 | Done: 0 / 21218 | Requires new prime field: 21082 / 21218
Probe: 11632 | Done: 0 / 21218 | Requires new prime field: 21083 / 21218
Probe: 11634 | Done: 0 / 21218 | Requires new prime field: 21084 / 21218
Probe: 11641 | Done: 0 / 21218 | Requires new prime field: 21086 / 21218
Probe: 12125 | Done: 0 / 21218 | Requires new prime field: 21089 / 21218
Probe: 12126 | Done: 0 / 21218 | Requires new prime field: 21090 / 21218
Probe: 12129 | Done: 0 / 21218 | Requires new prime field: 21091 / 21218
Probe: 12129 | Done: 0 / 21218 | Requires new prime field: 21092 / 21218
Probe: 12131 | Done: 0 / 21218 | Requires new prime field: 21093 / 21218
Probe: 12139 | Done: 0 / 21218 | Requires new prime field: 21094 / 21218
Probe: 12892 | Done: 0 / 21218 | Requires new prime field: 21096 / 21218
Probe: 12892 | Done: 0 / 21218 | Requires new prime field: 21097 / 21218
Probe: 12895 | Done: 0 / 21218 | Requires new prime field: 21102 / 21218
Probe: 13330 | Done: 0 / 21218 | Requires new prime field: 21110 / 21218
Probe: 13333 | Done: 0 / 21218 | Requires new prime field: 21113 / 21218
Probe: 13342 | Done: 0 / 21218 | Requires new prime field: 21114 / 21218
Probe: 13365 | Done: 0 / 21218 | Requires new prime field: 21115 / 21218
Probe: 13372 | Done: 0 / 21218 | Requires new prime field: 21116 / 21218
Probe: 13373 | Done: 0 / 21218 | Requires new prime field: 21118 / 21218
Probe: 13380 | Done: 0 / 21218 | Requires new prime field: 21119 / 21218
Probe: 13394 | Done: 0 / 21218 | Requires new prime field: 21120 / 21218
Probe: 13595 | Done: 0 / 21218 | Requires new prime field: 21121 / 21218
Probe: 13596 | Done: 0 / 21218 | Requires new prime field: 21122 / 21218
Probe: 13607 | Done: 0 / 21218 | Requires new prime field: 21123 / 21218
Probe: 13612 | Done: 0 / 21218 | Requires new prime field: 21124 / 21218
Probe: 13614 | Done: 0 / 21218 | Requires new prime field: 21125 / 21218
Probe: 13619 | Done: 0 / 21218 | Requires new prime field: 21126 / 21218
Probe: 13620 | Done: 0 / 21218 | Requires new prime field: 21128 / 21218
Probe: 14055 | Done: 0 / 21218 | Requires new prime field: 21129 / 21218
Probe: 14064 | Done: 0 / 21218 | Requires new prime field: 21130 / 21218
Probe: 14066 | Done: 0 / 21218 | Requires new prime field: 21131 / 21218
Probe: 14073 | Done: 0 / 21218 | Requires new prime field: 21132 / 21218
Probe: 14087 | Done: 0 / 21218 | Requires new prime field: 21133 / 21218
Probe: 14110 | Done: 0 / 21218 | Requires new prime field: 21134 / 21218
Probe: 14111 | Done: 0 / 21218 | Requires new prime field: 21135 / 21218
Probe: 14113 | Done: 0 / 21218 | Requires new prime field: 21136 / 21218
Probe: 14499 | Done: 0 / 21218 | Requires new prime field: 21137 / 21218
Probe: 14512 | Done: 0 / 21218 | Requires new prime field: 21139 / 21218
Probe: 14519 | Done: 0 / 21218 | Requires new prime field: 21140 / 21218
Probe: 14528 | Done: 0 / 21218 | Requires new prime field: 21141 / 21218
Probe: 14540 | Done: 0 / 21218 | Requires new prime field: 21142 / 21218
Probe: 14546 | Done: 0 / 21218 | Requires new prime field: 21143 / 21218
Probe: 14548 | Done: 0 / 21218 | Requires new prime field: 21144 / 21218
Probe: 14566 | Done: 0 / 21218 | Requires new prime field: 21146 / 21218
Probe: 15018 | Done: 0 / 21218 | Requires new prime field: 21148 / 21218
Probe: 15215 | Done: 0 / 21218 | Requires new prime field: 21150 / 21218
Probe: 15216 | Done: 0 / 21218 | Requires new prime field: 21151 / 21218
Probe: 15219 | Done: 0 / 21218 | Requires new prime field: 21152 / 21218
Probe: 15221 | Done: 0 / 21218 | Requires new prime field: 21153 / 21218
Probe: 15223 | Done: 0 / 21218 | Requires new prime field: 21154 / 21218
Probe: 15224 | Done: 0 / 21218 | Requires new prime field: 21155 / 21218
Probe: 15227 | Done: 0 / 21218 | Requires new prime field: 21156 / 21218
Probe: 15236 | Done: 0 / 21218 | Requires new prime field: 21157 / 21218
Probe: 15254 | Done: 0 / 21218 | Requires new prime field: 21158 / 21218
Probe: 15262 | Done: 0 / 21218 | Requires new prime field: 21159 / 21218
Probe: 15331 | Done: 0 / 21218 | Requires new prime field: 21160 / 21218
Probe: 16221 | Done: 0 / 21218 | Requires new prime field: 21161 / 21218
Probe: 16229 | Done: 0 / 21218 | Requires new prime field: 21162 / 21218
Probe: 16242 | Done: 0 / 21218 | Requires new prime field: 21163 / 21218
Probe: 16250 | Done: 0 / 21218 | Requires new prime field: 21164 / 21218
Probe: 16258 | Done: 0 / 21218 | Requires new prime field: 21165 / 21218
Probe: 16267 | Done: 0 / 21218 | Requires new prime field: 21167 / 21218
Probe: 16293 | Done: 0 / 21218 | Requires new prime field: 21168 / 21218
Probe: 16549 | Done: 0 / 21218 | Requires new prime field: 21169 / 21218
Probe: 16552 | Done: 0 / 21218 | Requires new prime field: 21172 / 21218
Probe: 16562 | Done: 0 / 21218 | Requires new prime field: 21173 / 21218
Probe: 16567 | Done: 0 / 21218 | Requires new prime field: 21174 / 21218
Probe: 16910 | Done: 0 / 21218 | Requires new prime field: 21175 / 21218
Probe: 16916 | Done: 0 / 21218 | Requires new prime field: 21177 / 21218
Probe: 16918 | Done: 0 / 21218 | Requires new prime field: 21179 / 21218
Probe: 16923 | Done: 0 / 21218 | Requires new prime field: 21180 / 21218
Probe: 17017 | Done: 0 / 21218 | Requires new prime field: 21184 / 21218
Probe: 17021 | Done: 0 / 21218 | Requires new prime field: 21186 / 21218
Probe: 17025 | Done: 0 / 21218 | Requires new prime field: 21187 / 21218
Probe: 17041 | Done: 0 / 21218 | Requires new prime field: 21188 / 21218
Probe: 17370 | Done: 0 / 21218 | Requires new prime field: 21193 / 21218
Probe: 17374 | Done: 0 / 21218 | Requires new prime field: 21195 / 21218
Probe: 17387 | Done: 0 / 21218 | Requires new prime field: 21196 / 21218
Probe: 17903 | Done: 0 / 21218 | Requires new prime field: 21197 / 21218
Probe: 17926 | Done: 0 / 21218 | Requires new prime field: 21198 / 21218
Probe: 19280 | Done: 0 / 21218 | Requires new prime field: 21199 / 21218
Probe: 19313 | Done: 0 / 21218 | Requires new prime field: 21200 / 21218
Probe: 19691 | Done: 0 / 21218 | Requires new prime field: 21201 / 21218
Probe: 19965 | Done: 0 / 21218 | Requires new prime field: 21202 / 21218
Probe: 20536 | Done: 0 / 21218 | Requires new prime field: 21203 / 21218
Probe: 20551 | Done: 0 / 21218 | Requires new prime field: 21204 / 21218
Probe: 20632 | Done: 0 / 21218 | Requires new prime field: 21205 / 21218
Probe: 20676 | Done: 0 / 21218 | Requires new prime field: 21207 / 21218
Probe: 20707 | Done: 0 / 21218 | Requires new prime field: 21208 / 21218
Probe: 20724 | Done: 0 / 21218 | Requires new prime field: 21209 / 21218
Probe: 20788 | Done: 0 / 21218 | Requires new prime field: 21210 / 21218
Probe: 20798 | Done: 0 / 21218 | Requires new prime field: 21211 / 21218
Probe: 20822 | Done: 0 / 21218 | Requires new prime field: 21212 / 21218
Probe: 20966 | Done: 0 / 21218 | Requires new prime field: 21213 / 21218
Probe: 21055 | Done: 0 / 21218 | Requires new prime field: 21214 / 21218
Probe: 22715 | Done: 0 / 21218 | Requires new prime field: 21218 / 21218
Completed current prime field in 274.174213 s | 22715 probes in total
Average time of the black-box probe: 0.043605 s

Promote to new prime field: F(9223372036854775643)
Disable shift
Completed reconstruction in 274.310457 s | 22727 probes in total
Required prime fields: 1 + 1
Average time of the black-box probe: 0.043614 s
